---
source: xee-xslt-ast/src/instruction.rs
expression: "parse_sequence_constructor_item(r#\"<xsl:apply-templates xmlns:xsl=\"http://www.w3.org/1999/XSL/Transform\" />\"#)"
---
Ok(Instruction(ApplyTemplates(ApplyTemplates(
  select: None,
  mode: Unnamed,
  content: [],
  span: Span(
    start: 1,
    end: 20,
  ),
))))
